// Jest Snapshot v1, https://goo.gl/fbAQLP

exports[`Snapshots SongItem.vue renders correctly 1`] = `
<li
  class="flex justify-between items-center p-3 pl-6 cursor-pointer transition duration-300 example snapshot hover:bg-gray-50 song-id-abc"
>
  <div>
    <router-link-stub
      class="font-bold block text-gray-600 composition-name"
      to="[object Object]"
    />
    <span
      class="text-gray-500 text-sm"
    >
      test
    </span>
  </div>
  <div
    class="text-gray-600 text-lg"
  >
    <router-link-stub
      custom=""
      to="[object Object]"
    />
  </div>
</li>
`;
